// Jest Snapshot v1, https://goo.gl/fbAQLP

exports[`renders demo correctly 1`] = `
<div>
  <div>
    <div class="van-rate">
      <div class="van-rate__item"><i data-score="1" class="van-icon van-icon-star van-rate__icon" style="color: rgb(255, 210, 30); font-size: 20px;">
          <!----></i></div>
      <div class="van-rate__item"><i data-score="2" class="van-icon van-icon-star van-rate__icon" style="color: rgb(255, 210, 30); font-size: 20px;">
          <!----></i></div>
      <div class="van-rate__item"><i data-score="3" class="van-icon van-icon-star van-rate__icon" style="color: rgb(255, 210, 30); font-size: 20px;">
          <!----></i></div>
      <div class="van-rate__item"><i data-score="4" class="van-icon van-icon-star-o van-rate__icon" style="color: rgb(199, 199, 199); font-size: 20px;">
          <!----></i></div>
      <div class="van-rate__item"><i data-score="5" class="van-icon van-icon-star-o van-rate__icon" style="color: rgb(199, 199, 199); font-size: 20px;">
          <!----></i></div>
    </div>
  </div>
  <div>
    <div class="van-rate">
      <div class="van-rate__item"><i data-score="1" class="van-icon van-icon-like van-rate__icon" style="color: rgb(255, 210, 30); font-size: 20px;">
          <!----></i></div>
      <div class="van-rate__item"><i data-score="2" class="van-icon van-icon-like van-rate__icon" style="color: rgb(255, 210, 30); font-size: 20px;">
          <!----></i></div>
      <div class="van-rate__item"><i data-score="3" class="van-icon van-icon-like van-rate__icon" style="color: rgb(255, 210, 30); font-size: 20px;">
          <!----></i></div>
      <div class="van-rate__item"><i data-score="4" class="van-icon van-icon-like-o van-rate__icon" style="color: rgb(199, 199, 199); font-size: 20px;">
          <!----></i></div>
      <div class="van-rate__item"><i data-score="5" class="van-icon van-icon-like-o van-rate__icon" style="color: rgb(199, 199, 199); font-size: 20px;">
          <!----></i></div>
    </div>
  </div>
  <div>
    <div class="van-rate">
      <div class="van-rate__item"><i data-score="1" class="van-icon van-icon-star van-rate__icon" style="color: rgb(255, 68, 68); font-size: 25px;">
          <!----></i></div>
      <div class="van-rate__item"><i data-score="2" class="van-icon van-icon-star van-rate__icon" style="color: rgb(255, 68, 68); font-size: 25px;">
          <!----></i></div>
      <div class="van-rate__item"><i data-score="3" class="van-icon van-icon-star van-rate__icon" style="color: rgb(255, 68, 68); font-size: 25px;">
          <!----></i></div>
      <div class="van-rate__item"><i data-score="4" class="van-icon van-icon-star van-rate__icon" style="color: rgb(238, 238, 238); font-size: 25px;">
          <!----></i></div>
      <div class="van-rate__item"><i data-score="5" class="van-icon van-icon-star van-rate__icon" style="color: rgb(238, 238, 238); font-size: 25px;">
          <!----></i></div>
    </div>
  </div>
  <div>
    <div class="van-rate">
      <div class="van-rate__item"><i data-score="1" class="van-icon van-icon-star van-rate__icon" style="color: rgb(255, 210, 30); font-size: 25px;">
          <!----></i><i data-score="0.5" class="van-icon van-icon-star van-rate__icon van-rate__icon--half" style="color: rgb(255, 210, 30); font-size: 25px;">
          <!----></i></div>
      <div class="van-rate__item"><i data-score="2" class="van-icon van-icon-star van-rate__icon" style="color: rgb(255, 210, 30); font-size: 25px;">
          <!----></i><i data-score="1.5" class="van-icon van-icon-star van-rate__icon van-rate__icon--half" style="color: rgb(255, 210, 30); font-size: 25px;">
          <!----></i></div>
      <div class="van-rate__item"><i data-score="3" class="van-icon van-icon-star van-rate__icon" style="color: rgb(238, 238, 238); font-size: 25px;">
          <!----></i><i data-score="2.5" class="van-icon van-icon-star van-rate__icon van-rate__icon--half" style="color: rgb(255, 210, 30); font-size: 25px;">
          <!----></i></div>
      <div class="van-rate__item"><i data-score="4" class="van-icon van-icon-star van-rate__icon" style="color: rgb(238, 238, 238); font-size: 25px;">
          <!----></i><i data-score="3.5" class="van-icon van-icon-star van-rate__icon van-rate__icon--half" style="color: rgb(238, 238, 238); font-size: 25px;">
          <!----></i></div>
      <div class="van-rate__item"><i data-score="5" class="van-icon van-icon-star van-rate__icon" style="color: rgb(238, 238, 238); font-size: 25px;">
          <!----></i><i data-score="4.5" class="van-icon van-icon-star van-rate__icon van-rate__icon--half" style="color: rgb(238, 238, 238); font-size: 25px;">
          <!----></i></div>
    </div>
  </div>
  <div>
    <div class="van-rate">
      <div class="van-rate__item"><i data-score="1" class="van-icon van-icon-star van-rate__icon" style="color: rgb(255, 210, 30); font-size: 20px;">
          <!----></i></div>
      <div class="van-rate__item"><i data-score="2" class="van-icon van-icon-star van-rate__icon" style="color: rgb(255, 210, 30); font-size: 20px;">
          <!----></i></div>
      <div class="van-rate__item"><i data-score="3" class="van-icon van-icon-star van-rate__icon" style="color: rgb(255, 210, 30); font-size: 20px;">
          <!----></i></div>
      <div class="van-rate__item"><i data-score="4" class="van-icon van-icon-star van-rate__icon" style="color: rgb(255, 210, 30); font-size: 20px;">
          <!----></i></div>
      <div class="van-rate__item"><i data-score="5" class="van-icon van-icon-star-o van-rate__icon" style="color: rgb(199, 199, 199); font-size: 20px;">
          <!----></i></div>
      <div class="van-rate__item"><i data-score="6" class="van-icon van-icon-star-o van-rate__icon" style="color: rgb(199, 199, 199); font-size: 20px;">
          <!----></i></div>
    </div>
  </div>
  <div>
    <div class="van-rate">
      <div class="van-rate__item"><i data-score="1" class="van-icon van-icon-star van-rate__icon" style="color: rgb(189, 189, 189); font-size: 20px;">
          <!----></i></div>
      <div class="van-rate__item"><i data-score="2" class="van-icon van-icon-star van-rate__icon" style="color: rgb(189, 189, 189); font-size: 20px;">
          <!----></i></div>
      <div class="van-rate__item"><i data-score="3" class="van-icon van-icon-star van-rate__icon" style="color: rgb(189, 189, 189); font-size: 20px;">
          <!----></i></div>
      <div class="van-rate__item"><i data-score="4" class="van-icon van-icon-star-o van-rate__icon" style="color: rgb(189, 189, 189); font-size: 20px;">
          <!----></i></div>
      <div class="van-rate__item"><i data-score="5" class="van-icon van-icon-star-o van-rate__icon" style="color: rgb(189, 189, 189); font-size: 20px;">
          <!----></i></div>
    </div>
  </div>
  <div>
    <div class="van-rate">
      <div class="van-rate__item"><i data-score="1" class="van-icon van-icon-star van-rate__icon" style="color: rgb(255, 210, 30); font-size: 20px;">
          <!----></i></div>
      <div class="van-rate__item"><i data-score="2" class="van-icon van-icon-star van-rate__icon" style="color: rgb(255, 210, 30); font-size: 20px;">
          <!----></i></div>
      <div class="van-rate__item"><i data-score="3" class="van-icon van-icon-star van-rate__icon" style="color: rgb(255, 210, 30); font-size: 20px;">
          <!----></i></div>
      <div class="van-rate__item"><i data-score="4" class="van-icon van-icon-star-o van-rate__icon" style="color: rgb(199, 199, 199); font-size: 20px;">
          <!----></i></div>
      <div class="van-rate__item"><i data-score="5" class="van-icon van-icon-star-o van-rate__icon" style="color: rgb(199, 199, 199); font-size: 20px;">
          <!----></i></div>
    </div>
  </div>
</div>
`;
